11:51:45 **** Incremental Build of configuration Debug for project dk_project ****
make all 
'Building file: ../src/src/lw_usb/MAX3421E.c'
'Invoking: MicroBlaze gcc compiler'
mb-gcc -Wall -O0 -g3 -c -fmessage-length=0 -MT"src/src/lw_usb/MAX3421E.o" -IC:/Users/sam/donkey_kong_ece385/mb_usb_hdmi_top/export/mb_usb_hdmi_top/sw/mb_usb_hdmi_top/standalone_microblaze_0/bspinclude/include -mno-xl-reorder -mlittle-endian -mxl-barrel-shift -mxl-pattern-compare -mcpu=v11.0 -mno-xl-soft-mul -Wl,--no-relax -ffunction-sections -fdata-sections -MMD -MP -MF"src/src/lw_usb/MAX3421E.d" -MT"src/src/lw_usb/MAX3421E.o" -o "src/src/lw_usb/MAX3421E.o" "../src/src/lw_usb/MAX3421E.c"
In file included from C:/Users/sam/donkey_kong_ece385/mb_usb_hdmi_top/export/mb_usb_hdmi_top/sw/mb_usb_hdmi_top/standalone_microblaze_0/bspinclude/include/xspi.h:303,
                 from ../src/src/lw_usb/MAX3421E.c:15:
../src/src/lw_usb/MAX3421E.c: In function 'SPI_init':
C:/Users/sam/donkey_kong_ece385/mb_usb_hdmi_top/export/mb_usb_hdmi_top/sw/mb_usb_hdmi_top/standalone_microblaze_0/bspinclude/include/xstatus.h:44:41: warning: 'return' with a value, in function returning void [-Wreturn-type]
   44 | #define XST_DEVICE_NOT_FOUND            2L
      |                                         ^~
../src/src/lw_usb/MAX3421E.c:39:24: note: in expansion of macro 'XST_DEVICE_NOT_FOUND'
   39 |                 return XST_DEVICE_NOT_FOUND;
      |                        ^~~~~~~~~~~~~~~~~~~~
../src/src/lw_usb/MAX3421E.c:33:6: note: declared here
   33 | void SPI_init() {
      |      ^~~~~~~~
In file included from C:/Users/sam/donkey_kong_ece385/mb_usb_hdmi_top/export/mb_usb_hdmi_top/sw/mb_usb_hdmi_top/standalone_microblaze_0/bspinclude/include/xspi.h:303,
                 from ../src/src/lw_usb/MAX3421E.c:15:
C:/Users/sam/donkey_kong_ece385/mb_usb_hdmi_top/export/mb_usb_hdmi_top/sw/mb_usb_hdmi_top/standalone_microblaze_0/bspinclude/include/xstatus.h:43:41: warning: 'return' with a value, in function returning void [-Wreturn-type]
   43 | #define XST_FAILURE                     1L
      |                                         ^~
../src/src/lw_usb/MAX3421E.c:45:24: note: in expansion of macro 'XST_FAILURE'
   45 |                 return XST_FAILURE;
      |                        ^~~~~~~~~~~
../src/src/lw_usb/MAX3421E.c:33:6: note: declared here
   33 | void SPI_init() {
      |      ^~~~~~~~
../src/src/lw_usb/MAX3421E.c: In function 'MAX3421E_Task':
../src/src/lw_usb/MAX3421E.c:325:46: warning: suggest parentheses around comparison in operand of '&' [-Wparentheses]
  325 |         if (XGpio_DiscreteRead(&Gpio_int, 1) & 0x01 == 0) {
      |                                              ^
../src/src/lw_usb/MAX3421E.c: In function 'MaxGpxHandler':
../src/src/lw_usb/MAX3421E.c:361:14: warning: variable 'GPINIRQ' set but not used [-Wunused-but-set-variable]
  361 |         BYTE GPINIRQ;
      |              ^~~~~~~
'Finished building: ../src/src/lw_usb/MAX3421E.c'
' '
'Building file: ../src/src/lw_usb/transfer.c'
'Invoking: MicroBlaze gcc compiler'
mb-gcc -Wall -O0 -g3 -c -fmessage-length=0 -MT"src/src/lw_usb/transfer.o" -IC:/Users/sam/donkey_kong_ece385/mb_usb_hdmi_top/export/mb_usb_hdmi_top/sw/mb_usb_hdmi_top/standalone_microblaze_0/bspinclude/include -mno-xl-reorder -mlittle-endian -mxl-barrel-shift -mxl-pattern-compare -mcpu=v11.0 -mno-xl-soft-mul -Wl,--no-relax -ffunction-sections -fdata-sections -MMD -MP -MF"src/src/lw_usb/transfer.d" -MT"src/src/lw_usb/transfer.o" -o "src/src/lw_usb/transfer.o" "../src/src/lw_usb/transfer.c"
../src/src/lw_usb/transfer.c:14:1: warning: braces around scalar initializer
   14 | EP_RECORD dev0ep = {{ 0 }};         //Endpoint data structure for uninitialized device during enumeration
      | ^~~~~~~~~
../src/src/lw_usb/transfer.c:14:1: note: (near initialization for 'dev0ep.epAddr')
../src/src/lw_usb/transfer.c: In function 'XferInTransfer':
../src/src/lw_usb/transfer.c:200:7: warning: unused variable 'tmpbyte' [-Wunused-variable]
  200 |  BYTE tmpbyte;
      |       ^~~~~~~
../src/src/lw_usb/transfer.c:199:7: warning: unused variable 'i' [-Wunused-variable]
  199 |  BYTE i;
      |       ^
'Finished building: ../src/src/lw_usb/transfer.c'
' '
'Building file: ../src/src/lw_usb_main.c'
'Invoking: MicroBlaze gcc compiler'
mb-gcc -Wall -O0 -g3 -c -fmessage-length=0 -MT"src/src/lw_usb_main.o" -IC:/Users/sam/donkey_kong_ece385/mb_usb_hdmi_top/export/mb_usb_hdmi_top/sw/mb_usb_hdmi_top/standalone_microblaze_0/bspinclude/include -mno-xl-reorder -mlittle-endian -mxl-barrel-shift -mxl-pattern-compare -mcpu=v11.0 -mno-xl-soft-mul -Wl,--no-relax -ffunction-sections -fdata-sections -MMD -MP -MF"src/src/lw_usb_main.d" -MT"src/src/lw_usb_main.o" -o "src/src/lw_usb_main.o" "../src/src/lw_usb_main.c"
'Finished building: ../src/src/lw_usb_main.c'
' '
'Building file: ../src/src/platform.c'
'Invoking: MicroBlaze gcc compiler'
mb-gcc -Wall -O0 -g3 -c -fmessage-length=0 -MT"src/src/platform.o" -IC:/Users/sam/donkey_kong_ece385/mb_usb_hdmi_top/export/mb_usb_hdmi_top/sw/mb_usb_hdmi_top/standalone_microblaze_0/bspinclude/include -mno-xl-reorder -mlittle-endian -mxl-barrel-shift -mxl-pattern-compare -mcpu=v11.0 -mno-xl-soft-mul -Wl,--no-relax -ffunction-sections -fdata-sections -MMD -MP -MF"src/src/platform.d" -MT"src/src/platform.o" -o "src/src/platform.o" "../src/src/platform.c"
'Finished building: ../src/src/platform.c'
' '
'Building target: dk_project.elf'
'Invoking: MicroBlaze gcc linker'
mb-gcc -Wl,-T -Wl,../src/lscript.ld -LC:/Users/sam/donkey_kong_ece385/mb_usb_hdmi_top/export/mb_usb_hdmi_top/sw/mb_usb_hdmi_top/standalone_microblaze_0/bsplib/lib -mlittle-endian -mxl-barrel-shift -mxl-pattern-compare -mcpu=v11.0 -mno-xl-soft-mul -Wl,--no-relax -Wl,--gc-sections -o "dk_project.elf"  ./src/src/lw_usb/HID.o ./src/src/lw_usb/MAX3421E.o ./src/src/lw_usb/transfer.o  ./src/src/lw_usb_main.o ./src/src/platform.o   -Wl,--start-group,-lxil,-lgcc,-lc,--end-group
'Finished building target: dk_project.elf'
' '
'Invoking: MicroBlaze Print Size'
mb-size dk_project.elf  |tee "dk_project.elf.size"
   text	   data	    bss	    dec	    hex	filename
  23944	    488	   3672	  28104	   6dc8	dk_project.elf
'Finished building: dk_project.elf.size'
' '

11:51:46 Build Finished (took 1s.149ms)

